// Jest Snapshot v1, https://goo.gl/fbAQLP

exports[`Task can be deleted 1`] = `ReactWrapper {}`;

exports[`Task to match snapshot 1`] = `ReactWrapper {}`;
